#RNDWNL0.LSB
#RNDWNL1.LSB
#RNSTAT0.LSB
#RNSTAT1.LSB
AD.LSB
AGIBMP.LSB
ANIM.LSB
ANIMPROG.LSB
AUFGMGR.LSB
AUTOSTRT.LSB
BCO.LSB
BESEN.LSB
BMP2AGI.LSB
BRIDE.LSB
BRIEF.LSB
COMDOS.LSB
DESIGN.LSB
DISKETTE.LSB
DONALD.LSB
DRAW.LSB
DRVICON.LSB
EDITOR.LSB
EXECANIM.LSB
FILMABM.LSB
FLUGGS.LSB
GAME.LSB
GAME1.LSB
GO.LSB
HANDY.LSB
HAUS.LSB
HERZCHEN.LSB
HIDEFILE.LSB
ICONS.LSB
INFO.LSB
JESSY.LSB
KARTEI.LSB
KARTEN.LSB
LASER.LSB
LDOK.LSB
LPLAOS.LSB
LSCAL.LSB
LSCAL1.LSB
LSCAL2.LSB
LSCAL3.LSB
LSCAL4.LSB
LSCAL5.LSB
LSCAL6.LSB
LSCALEN.LSB
LSCALHLP.LSB
LSRECORD.LSB
LSSSKI.LSB
LUPE.LSB
MITE.LSB
MOND.LSB
MONEY.LSB
MONEYCAB.LSB
MUSIC.LSB
NETWORK.LSB
ORANGE.LSB
ORDNER.LSB
ORDNER1.LSB
ORDNER2.LSB
ORDNER3.LSB
ORDNER4.LSB
ORDNER5.LSB
ORDNER6.LSB
ORDNER7.LSB
OSWENTER.LSB
OSWFRQ.LSB
OSWHMNET.LSB
OSWJAHRT.LSB
OSWKRTZL.LSB
OSWMAUS.LSB
OSWPOST.LSB
OSWSCRSH.LSB
OSWSKB.LSB
OSWSKB2.LSB
OSWSNWF2.LSB
OSWSNWFL.LSB
OSWSPERR.LSB
OSWTEL.LSB
PLAYME.LSB
PRGMAP.LSB
PROGMAN.LSB
PROGRAM.LSB
QBASIC.LSB
QBSTART.LSB
QD2000.LSB
RECHNEN.LSB
RECHNER.LSB
RJSEA.LSB
SMSJESSY.LSB
SNOWFLK.LSB
STUDIO.LSB
SWIMPOOL.LSB
SYS.LSB
TASTATUR.LSB
TEL.LSB
TETRIS.LSB
TEXT.LSB
TIMEDATA.LSB
TRASH0.LSB
TRASH1.LSB
UHR.LSB
UP.LSB
WASTFULL.LSB
XTDEMO.LSB
ZELTE.LSB
